Archive member included to satisfy reference by file (symbol)

/home/dawn/.pebble-sdk/SDKs/current/sdk-core/pebble/aplite/lib/libpebble.a(tmp7jpKUopebble.o)
                              src/c/pms.c.33.o (app_event_loop)
/usr/lib/gcc/arm-none-eabi/7.2.0/../../../../arm-none-eabi/lib/armv7-m/libc.a(lib_a-atexit.o)
                              /usr/lib/gcc/arm-none-eabi/7.2.0/../../../../arm-none-eabi/lib/armv7-m/crt0.o (atexit)
/usr/lib/gcc/arm-none-eabi/7.2.0/../../../../arm-none-eabi/lib/armv7-m/libc.a(lib_a-exit.o)
                              /usr/lib/gcc/arm-none-eabi/7.2.0/../../../../arm-none-eabi/lib/armv7-m/crt0.o (exit)
/usr/lib/gcc/arm-none-eabi/7.2.0/../../../../arm-none-eabi/lib/armv7-m/libc.a(lib_a-fini.o)
                              /usr/lib/gcc/arm-none-eabi/7.2.0/../../../../arm-none-eabi/lib/armv7-m/crt0.o (__libc_fini_array)
/usr/lib/gcc/arm-none-eabi/7.2.0/../../../../arm-none-eabi/lib/armv7-m/libc.a(lib_a-impure.o)
                              /usr/lib/gcc/arm-none-eabi/7.2.0/../../../../arm-none-eabi/lib/armv7-m/libc.a(lib_a-exit.o) (_global_impure_ptr)
/usr/lib/gcc/arm-none-eabi/7.2.0/../../../../arm-none-eabi/lib/armv7-m/libc.a(lib_a-init.o)
                              /usr/lib/gcc/arm-none-eabi/7.2.0/../../../../arm-none-eabi/lib/armv7-m/crt0.o (__libc_init_array)
/usr/lib/gcc/arm-none-eabi/7.2.0/../../../../arm-none-eabi/lib/armv7-m/libc.a(lib_a-__atexit.o)
                              /usr/lib/gcc/arm-none-eabi/7.2.0/../../../../arm-none-eabi/lib/armv7-m/libc.a(lib_a-atexit.o) (__register_exitproc)
/usr/lib/gcc/arm-none-eabi/7.2.0/../../../../arm-none-eabi/lib/armv7-m/libc.a(lib_a-__call_atexit.o)
                              /usr/lib/gcc/arm-none-eabi/7.2.0/../../../../arm-none-eabi/lib/armv7-m/libc.a(lib_a-exit.o) (__call_exitprocs)

Discarded input sections

 .text          0x0000000000000000        0x0 /usr/lib/gcc/arm-none-eabi/7.2.0/armv7-m/crti.o
 .bss           0x0000000000000000        0x0 /usr/lib/gcc/arm-none-eabi/7.2.0/armv7-m/crti.o
 .text          0x0000000000000000        0x0 /usr/lib/gcc/arm-none-eabi/7.2.0/armv7-m/crtbegin.o
 .bss           0x0000000000000000        0x0 /usr/lib/gcc/arm-none-eabi/7.2.0/armv7-m/crtbegin.o
 .init_array    0x0000000000000000        0x4 /usr/lib/gcc/arm-none-eabi/7.2.0/armv7-m/crtbegin.o
 .fini_array    0x0000000000000000        0x4 /usr/lib/gcc/arm-none-eabi/7.2.0/armv7-m/crtbegin.o
 .eh_frame      0x0000000000000000        0x0 /usr/lib/gcc/arm-none-eabi/7.2.0/armv7-m/crtbegin.o
 .data.__dso_handle
                0x0000000000000000        0x4 /usr/lib/gcc/arm-none-eabi/7.2.0/armv7-m/crtbegin.o
 .text.__do_global_dtors_aux
                0x0000000000000000       0x24 /usr/lib/gcc/arm-none-eabi/7.2.0/armv7-m/crtbegin.o
 .text.frame_dummy
                0x0000000000000000       0x1c /usr/lib/gcc/arm-none-eabi/7.2.0/armv7-m/crtbegin.o
 .bss.completed.8572
                0x0000000000000000        0x1 /usr/lib/gcc/arm-none-eabi/7.2.0/armv7-m/crtbegin.o
 .bss.object.8577
                0x0000000000000000       0x18 /usr/lib/gcc/arm-none-eabi/7.2.0/armv7-m/crtbegin.o
 .text          0x0000000000000000       0x68 /usr/lib/gcc/arm-none-eabi/7.2.0/../../../../arm-none-eabi/lib/armv7-m/crt0.o
 .bss           0x0000000000000000        0x0 /usr/lib/gcc/arm-none-eabi/7.2.0/../../../../arm-none-eabi/lib/armv7-m/crt0.o
 .ARM.extab     0x0000000000000000        0x0 /usr/lib/gcc/arm-none-eabi/7.2.0/../../../../arm-none-eabi/lib/armv7-m/crt0.o
 .ARM.exidx     0x0000000000000000        0x8 /usr/lib/gcc/arm-none-eabi/7.2.0/../../../../arm-none-eabi/lib/armv7-m/crt0.o
 .text          0x0000000000000000        0x0 src/c/pms-client.c.33.o
 .bss           0x0000000000000000        0x0 src/c/pms-client.c.33.o
 .text          0x0000000000000000        0x0 src/c/pms-data.c.33.o
 .bss           0x0000000000000000        0x0 src/c/pms-data.c.33.o
 .text.bool_set_img_size
                0x0000000000000000       0x48 src/c/pms-data.c.33.o
 .text.int_get_img_size
                0x0000000000000000        0xc src/c/pms-data.c.33.o
 .text.bool_set_chunk_data
                0x0000000000000000       0x70 src/c/pms-data.c.33.o
 .text.bool_get_response_sent
                0x0000000000000000        0xc src/c/pms-data.c.33.o
 .bss.s_img_data
                0x0000000000000000        0x4 src/c/pms-data.c.33.o
 .bss.s_img_size
                0x0000000000000000        0x4 src/c/pms-data.c.33.o
 .rodata.bool_set_chunk_data.str1.1
                0x0000000000000000       0xc6 src/c/pms-data.c.33.o
 .rodata.bool_set_img_size.str1.1
                0x0000000000000000       0x60 src/c/pms-data.c.33.o
 .text          0x0000000000000000        0x0 src/c/pms-interface.c.33.o
 .bss           0x0000000000000000        0x0 src/c/pms-interface.c.33.o
 .text          0x0000000000000000        0x0 src/c/pms-routines.c.33.o
 .bss           0x0000000000000000        0x0 src/c/pms-routines.c.33.o
 .text          0x0000000000000000        0x0 src/c/pms.c.33.o
[...]
Memory Configuration

Name             Origin             Length             Attributes
APP              0x0000000000000000 0x0000000000006000 xrw
*default*        0x0000000000000000 0xffffffffffffffff

Linker script and memory map

LOAD /usr/lib/gcc/arm-none-eabi/7.2.0/armv7-m/crti.o
LOAD /usr/lib/gcc/arm-none-eabi/7.2.0/armv7-m/crtbegin.o
LOAD /usr/lib/gcc/arm-none-eabi/7.2.0/../../../../arm-none-eabi/lib/armv7-m/crt0.o
LOAD src/c/pms-client.c.33.o
LOAD src/c/pms-data.c.33.o
LOAD src/c/pms-interface.c.33.o
LOAD src/c/pms-routines.c.33.o
LOAD src/c/pms.c.33.o
LOAD aplite/appinfo.auto.c.33.o
LOAD aplite/src/resource_ids.auto.c.33.o
LOAD src/message_keys.auto.c.33.o
LOAD /home/dawn/.pebble-sdk/SDKs/current/sdk-core/pebble/aplite/lib/libpebble.a
LOAD /home/dawn/pebble-dev/pms/node_modules/pebble-clay/dist/binaries/aplite/libpebble-clay.a
START GROUP
LOAD /usr/lib/gcc/arm-none-eabi/7.2.0/armv7-m/libgcc.a
LOAD /usr/lib/gcc/arm-none-eabi/7.2.0/../../../../arm-none-eabi/lib/armv7-m/libc.a
END GROUP
LOAD /usr/lib/gcc/arm-none-eabi/7.2.0/armv7-m/crtend.o
LOAD /usr/lib/gcc/arm-none-eabi/7.2.0/armv7-m/crtn.o

.header         0x0000000000000000       0x82
 *(.pbl_header)
 .pbl_header    0x0000000000000000       0x82 aplite/appinfo.auto.c.33.o
                0x0000000000000000                __pbl_app_info

.note.gnu.build-id
                0x0000000000000082       0x26
                [!provide]                        PROVIDE (BUILD_ID, .)
 *(.note.gnu.build-id)
 *fill*         0x0000000000000082        0x2 
 .note.gnu.build-id
                0x0000000000000084       0x24 linker stubs

.text           0x00000000000000a8     0x2f62
 *(.text)
 .text          0x00000000000000a8       0x14 /home/dawn/.pebble-sdk/SDKs/current/sdk-core/pebble/aplite/lib/libpebble.a(tmp7jpKUopebble.o)
 *(.text.*)
 .text.inbox_received_callback
                0x00000000000000bc      0x430 src/c/pms-client.c.33.o
 .text.initialize_client
                0x00000000000004ec       0x9c src/c/pms-client.c.33.o
                0x00000000000004ec                initialize_client
 .text.sos_pulse
                0x0000000000000588       0x24 src/c/pms-data.c.33.o
                0x0000000000000588                sos_pulse
 .text.bool_log_error
                0x00000000000005ac       0xb0 src/c/pms-data.c.33.o
                0x00000000000005ac                bool_log_error
 .text.read_stored_values
                0x000000000000065c      0x130 src/c/pms-data.c.33.o
                0x000000000000065c                read_stored_values
 .text.bool_set_sms_port
                0x000000000000078c       0x74 src/c/pms-data.c.33.o
                0x000000000000078c                bool_set_sms_port
 .text.str_get_sms_port
                0x0000000000000800        0xc src/c/pms-data.c.33.o
                0x0000000000000800                str_get_sms_port
 .text.set_response_sent
                0x000000000000080c        0xc src/c/pms-data.c.33.o
                0x000000000000080c                set_response_sent
 .text.bool_set_last_text
                0x0000000000000818       0x64 src/c/pms-data.c.33.o
                0x0000000000000818                bool_set_last_text
 .text.str_get_last_text
                0x000000000000087c        0xc src/c/pms-data.c.33.o
                0x000000000000087c                str_get_last_text
 .text.set_js_ready
                0x0000000000000888        0xc src/c/pms-data.c.33.o
                0x0000000000000888                set_js_ready
 .text.bool_get_js_ready
                0x0000000000000894        0xc src/c/pms-data.c.33.o
                0x0000000000000894                bool_get_js_ready
 .text.str_response_at_index
                0x00000000000008a0       0x48 src/c/pms-data.c.33.o
                0x00000000000008a0                str_response_at_index
 .text.bool_set_index
                0x00000000000008e8       0x28 src/c/pms-data.c.33.o
                0x00000000000008e8                bool_set_index
 .text.int_get_response_index
                0x0000000000000910        0xc src/c/pms-data.c.33.o
                0x0000000000000910                int_get_response_index
 .text.bool_set_response_at_index
                0x000000000000091c      0x124 src/c/pms-data.c.33.o
                0x000000000000091c                bool_set_response_at_index
 .text.bool_set_response_items
                0x0000000000000a40       0x4c src/c/pms-data.c.33.o
                0x0000000000000a40                bool_set_response_items
 .text.int_get_pms_response_items
                0x0000000000000a8c        0xc src/c/pms-data.c.33.o
                0x0000000000000a8c                int_get_pms_response_items
 .text.int_get_mode
                0x0000000000000a98        0xc src/c/pms-data.c.33.o
                0x0000000000000a98                int_get_mode
 .text.set_mode
                0x0000000000000aa4        0xc src/c/pms-data.c.33.o
                0x0000000000000aa4                set_mode
 .text.str_sonarr_api_key
                0x0000000000000ab0        0xc src/c/pms-data.c.33.o
                0x0000000000000ab0                str_sonarr_api_key
 .text.str_radarr_api_key
                0x0000000000000abc        0xc src/c/pms-data.c.33.o
                0x0000000000000abc                str_radarr_api_key
 .text.str_sonarr_port
                0x0000000000000ac8        0xc src/c/pms-data.c.33.o
                0x0000000000000ac8                str_sonarr_port
 .text.str_radarr_port
                0x0000000000000ad4        0xc src/c/pms-data.c.33.o
                0x0000000000000ad4                str_radarr_port
 .text.str_base_url
                0x0000000000000ae0        0xc src/c/pms-data.c.33.o
                0x0000000000000ae0                str_base_url
 .text.bool_set_sonarr_api_key
                0x0000000000000aec       0x94 src/c/pms-data.c.33.o
                0x0000000000000aec                bool_set_sonarr_api_key
 .text.bool_set_radarr_api_key
                0x0000000000000b80       0x94 src/c/pms-data.c.33.o
                0x0000000000000b80                bool_set_radarr_api_key
 .text.bool_set_sonarr_port
                0x0000000000000c14       0x5c src/c/pms-data.c.33.o
                0x0000000000000c14                bool_set_sonarr_port
 .text.bool_set_radarr_port
                0x0000000000000c70       0x7c src/c/pms-data.c.33.o
                0x0000000000000c70                bool_set_radarr_port
 .text.bool_set_base_url
                0x0000000000000cec       0x7c src/c/pms-data.c.33.o
                0x0000000000000cec                bool_set_base_url
 .text.pms_down_click_handler
                0x0000000000000d68       0x98 src/c/pms-interface.c.33.o
 .text.pms_cards_click_config_provider
                0x0000000000000e00       0x40 src/c/pms-interface.c.33.o
 .text.pms_menu_click_config_provider
                0x0000000000000e40       0x40 src/c/pms-interface.c.33.o
 .text.pms_window_unload
                0x0000000000000e80       0x40 src/c/pms-interface.c.33.o
 .text.pms_select_click_handler
                0x0000000000000ec0       0x8c src/c/pms-interface.c.33.o
 .text.pms_cards_reset_text
                0x0000000000000f4c       0x8c src/c/pms-interface.c.33.o
 .text.pms_init_cards
                0x0000000000000fd8      0x11c src/c/pms-interface.c.33.o
 .text.deinitialize_menu
                0x00000000000010f4       0x78 src/c/pms-interface.c.33.o
 .text.pms_back_click_handler
                0x000000000000116c       0xf4 src/c/pms-interface.c.33.o
 .text.pms_up_click_handler
                0x0000000000001260       0x64 src/c/pms-interface.c.33.o
 .text.dictation_session_callback
                0x00000000000012c4       0x70 src/c/pms-interface.c.33.o
 .text.pms_window_load
                0x0000000000001334       0x2c src/c/pms-interface.c.33.o
 .text.bool_set_text
                0x0000000000001360       0x58 src/c/pms-interface.c.33.o
                0x0000000000001360                bool_set_text
 .text.select_callback
                0x00000000000013b8       0xf8 src/c/pms-interface.c.33.o
 .text.pms_error_response_handler
                0x00000000000014b0       0xc8 src/c/pms-interface.c.33.o
                0x00000000000014b0                pms_error_response_handler
 .text.pms_deinit
                0x0000000000001578       0x20 src/c/pms-interface.c.33.o
                0x0000000000001578                pms_deinit
 .text.pms_init
                0x0000000000001598       0x88 src/c/pms-interface.c.33.o
                0x0000000000001598                pms_init
 .text.sms_success_handler
                0x0000000000001620       0x50 src/c/pms-interface.c.33.o
                0x0000000000001620                sms_success_handler
 .text.menu_initializer
                0x0000000000001670      0x16c src/c/pms-interface.c.33.o
                0x0000000000001670                menu_initializer
 .text.bool_cancel_timer
                0x00000000000017dc       0x20 src/c/pms-routines.c.33.o
 .text.timeout_timer_handler
                0x00000000000017fc       0x2c src/c/pms-routines.c.33.o
                0x00000000000017fc                timeout_timer_handler
 .text.inbox_dropped_callback
                0x0000000000001828       0x28 src/c/pms-routines.c.33.o
                0x0000000000001828                inbox_dropped_callback
 .text.outbox_failed_callback
                0x0000000000001850       0x4c src/c/pms-routines.c.33.o
                0x0000000000001850                outbox_failed_callback
 .text.outbox_sent_callback
                0x000000000000189c       0x18 src/c/pms-routines.c.33.o
                0x000000000000189c                outbox_sent_callback
 .text.get_num_rows_callback
                0x00000000000018b4        0xa src/c/pms-routines.c.33.o
                0x00000000000018b4                get_num_rows_callback
 *fill*         0x00000000000018be        0x2 
 .text.draw_row_callback
                0x00000000000018c0       0x38 src/c/pms-routines.c.33.o
                0x00000000000018c0                draw_row_callback
 .text.get_cell_height_callback
                0x00000000000018f8        0x4 src/c/pms-routines.c.33.o
                0x00000000000018f8                get_cell_height_callback
 .text.pms_verify_setup
                0x00000000000018fc      0x108 src/c/pms-routines.c.33.o
                0x00000000000018fc                pms_verify_setup
 .text.pms_request_handler
                0x0000000000001a04      0x1b4 src/c/pms-routines.c.33.o
                0x0000000000001a04                pms_request_handler
 .text.startup.main
                0x0000000000001bb8       0x1a src/c/pms.c.33.o
                0x0000000000001bb8                main
 *fill*         0x0000000000001bd2        0x2 
 .text.app_event_loop
                0x0000000000001bd4        0xc /home/dawn/.pebble-sdk/SDKs/current/sdk-core/pebble/aplite/lib/libpebble.a(tmp7jpKUopebble.o)
                0x0000000000001bd4                app_event_loop
 .text.app_log  0x0000000000001be0        0xc /home/dawn/.pebble-sdk/SDKs/current/sdk-core/pebble/aplite/lib/libpebble.a(tmp7jpKUopebble.o)
                0x0000000000001be0                app_log
 .text.app_message_open
                0x0000000000001bec        0xc /home/dawn/.pebble-sdk/SDKs/current/sdk-core/pebble/aplite/lib/libpebble.a(tmp7jpKUopebble.o)
                0x0000000000001bec                app_message_open
 .text.app_timer_cancel
                0x0000000000001bf8        0xc /home/dawn/.pebble-sdk/SDKs/current/sdk-core/pebble/aplite/lib/libpebble.a(tmp7jpKUopebble.o)
                0x0000000000001bf8                app_timer_cancel
 .text.app_timer_register
                0x0000000000001c04        0xc /home/dawn/.pebble-sdk/SDKs/current/sdk-core/pebble/aplite/lib/libpebble.a(tmp7jpKUopebble.o)
                0x0000000000001c04                app_timer_register
 .text.dict_find
                0x0000000000001c10        0xc /home/dawn/.pebble-sdk/SDKs/current/sdk-core/pebble/aplite/lib/libpebble.a(tmp7jpKUopebble.o)
                0x0000000000001c10                dict_find
 .text.dict_write_cstring
                0x0000000000001c1c        0xc /home/dawn/.pebble-sdk/SDKs/current/sdk-core/pebble/aplite/lib/libpebble.a(tmp7jpKUopebble.o)
                0x0000000000001c1c                dict_write_cstring
 .text.dict_write_int
                0x0000000000001c28        0xc /home/dawn/.pebble-sdk/SDKs/current/sdk-core/pebble/aplite/lib/libpebble.a(tmp7jpKUopebble.o)
                0x0000000000001c28                dict_write_int
 .text.layer_add_child
                0x0000000000001c34        0xc /home/dawn/.pebble-sdk/SDKs/current/sdk-core/pebble/aplite/lib/libpebble.a(tmp7jpKUopebble.o)
                0x0000000000001c34                layer_add_child
 .text.layer_get_bounds
                0x0000000000001c40        0xc /home/dawn/.pebble-sdk/SDKs/current/sdk-core/pebble/aplite/lib/libpebble.a(tmp7jpKUopebble.o)
                0x0000000000001c40                layer_get_bounds
 .text.layer_remove_from_parent
                0x0000000000001c4c        0xc /home/dawn/.pebble-sdk/SDKs/current/sdk-core/pebble/aplite/lib/libpebble.a(tmp7jpKUopebble.o)
                0x0000000000001c4c                layer_remove_from_parent
 .text.memset   0x0000000000001c58        0xc /home/dawn/.pebble-sdk/SDKs/current/sdk-core/pebble/aplite/lib/libpebble.a(tmp7jpKUopebble.o)
                0x0000000000001c58                memset
 .text.menu_cell_basic_draw
                0x0000000000001c64        0xc /home/dawn/.pebble-sdk/SDKs/current/sdk-core/pebble/aplite/lib/libpebble.a(tmp7jpKUopebble.o)
                0x0000000000001c64                menu_cell_basic_draw
 .text.menu_layer_destroy
                0x0000000000001c70        0xc /home/dawn/.pebble-sdk/SDKs/current/sdk-core/pebble/aplite/lib/libpebble.a(tmp7jpKUopebble.o)
                0x0000000000001c70                menu_layer_destroy
 .text.menu_layer_get_layer
                0x0000000000001c7c        0xc /home/dawn/.pebble-sdk/SDKs/current/sdk-core/pebble/aplite/lib/libpebble.a(tmp7jpKUopebble.o)
                0x0000000000001c7c                menu_layer_get_layer
 .text.menu_layer_set_click_config_onto_window
                0x0000000000001c88        0xc /home/dawn/.pebble-sdk/SDKs/current/sdk-core/pebble/aplite/lib/libpebble.a(tmp7jpKUopebble.o)
                0x0000000000001c88                menu_layer_set_click_config_onto_window
 .text.persist_read_bool
                0x0000000000001c94        0xc /home/dawn/.pebble-sdk/SDKs/current/sdk-core/pebble/aplite/lib/libpebble.a(tmp7jpKUopebble.o)
                0x0000000000001c94                persist_read_bool
 .text.persist_write_bool
                0x0000000000001ca0        0xc /home/dawn/.pebble-sdk/SDKs/current/sdk-core/pebble/aplite/lib/libpebble.a(tmp7jpKUopebble.o)
                0x0000000000001ca0                persist_write_bool
 .text.persist_write_string
                0x0000000000001cac        0xc /home/dawn/.pebble-sdk/SDKs/current/sdk-core/pebble/aplite/lib/libpebble.a(tmp7jpKUopebble.o)
                0x0000000000001cac                persist_write_string
 .text.snprintf
                0x0000000000001cb8        0xc /home/dawn/.pebble-sdk/SDKs/current/sdk-core/pebble/aplite/lib/libpebble.a(tmp7jpKUopebble.o)
                0x0000000000001cb8                snprintf
 .text.strcpy   0x0000000000001cc4        0xc /home/dawn/.pebble-sdk/SDKs/current/sdk-core/pebble/aplite/lib/libpebble.a(tmp7jpKUopebble.o)
                0x0000000000001cc4                strcpy
 .text.strlen   0x0000000000001cd0        0xc /home/dawn/.pebble-sdk/SDKs/current/sdk-core/pebble/aplite/lib/libpebble.a(tmp7jpKUopebble.o)
                0x0000000000001cd0                strlen
 .text.vibes_cancel
                0x0000000000001cdc        0xc /home/dawn/.pebble-sdk/SDKs/current/sdk-core/pebble/aplite/lib/libpebble.a(tmp7jpKUopebble.o)
                0x0000000000001cdc                vibes_cancel
 .text.vibes_double_pulse
                0x0000000000001ce8        0xc /home/dawn/.pebble-sdk/SDKs/current/sdk-core/pebble/aplite/lib/libpebble.a(tmp7jpKUopebble.o)
                0x0000000000001ce8                vibes_double_pulse
 .text.vibes_enqueue_custom_pattern
                0x0000000000001cf4        0xc /home/dawn/.pebble-sdk/SDKs/current/sdk-core/pebble/aplite/lib/libpebble.a(tmp7jpKUopebble.o)
                0x0000000000001cf4                vibes_enqueue_custom_pattern
 .text.vibes_long_pulse
                0x0000000000001d00        0xc /home/dawn/.pebble-sdk/SDKs/current/sdk-core/pebble/aplite/lib/libpebble.a(tmp7jpKUopebble.o)
                0x0000000000001d00                vibes_long_pulse
 .text.window_create
                0x0000000000001d0c        0xc /home/dawn/.pebble-sdk/SDKs/current/sdk-core/pebble/aplite/lib/libpebble.a(tmp7jpKUopebble.o)
                0x0000000000001d0c                window_create
 .text.window_destroy
                0x0000000000001d18        0xc /home/dawn/.pebble-sdk/SDKs/current/sdk-core/pebble/aplite/lib/libpebble.a(tmp7jpKUopebble.o)
                0x0000000000001d18                window_destroy
 .text.window_get_click_config_provider
                0x0000000000001d24        0xc /home/dawn/.pebble-sdk/SDKs/current/sdk-core/pebble/aplite/lib/libpebble.a(tmp7jpKUopebble.o)
                0x0000000000001d24                window_get_click_config_provider
 .text.window_get_root_layer
                0x0000000000001d30        0xc /home/dawn/.pebble-sdk/SDKs/current/sdk-core/pebble/aplite/lib/libpebble.a(tmp7jpKUopebble.o)
                0x0000000000001d30                window_get_root_layer
 .text.window_set_click_config_provider
                0x0000000000001d3c        0xc /home/dawn/.pebble-sdk/SDKs/current/sdk-core/pebble/aplite/lib/libpebble.a(tmp7jpKUopebble.o)
                0x0000000000001d3c                window_set_click_config_provider
 .text.window_set_click_config_provider_with_context
                0x0000000000001d48        0xc /home/dawn/.pebble-sdk/SDKs/current/sdk-core/pebble/aplite/lib/libpebble.a(tmp7jpKUopebble.o)
                0x0000000000001d48                window_set_click_config_provider_with_context
 .text.window_set_window_handlers
                0x0000000000001d54        0xc /home/dawn/.pebble-sdk/SDKs/current/sdk-core/pebble/aplite/lib/libpebble.a(tmp7jpKUopebble.o)
                0x0000000000001d54                window_set_window_handlers
 .text.window_stack_pop_all
                0x0000000000001d60        0xc /home/dawn/.pebble-sdk/SDKs/current/sdk-core/pebble/aplite/lib/libpebble.a(tmp7jpKUopebble.o)
                0x0000000000001d60                window_stack_pop_all
 .text.window_stack_push
                0x0000000000001d6c        0xc /home/dawn/.pebble-sdk/SDKs/current/sdk-core/pebble/aplite/lib/libpebble.a(tmp7jpKUopebble.o)
                0x0000000000001d6c                window_stack_push
 .text.app_message_outbox_begin
                0x0000000000001d78        0xc /home/dawn/.pebble-sdk/SDKs/current/sdk-core/pebble/aplite/lib/libpebble.a(tmp7jpKUopebble.o)
                0x0000000000001d78                app_message_outbox_begin
 .text.app_message_outbox_send
                0x0000000000001d84        0xc /home/dawn/.pebble-sdk/SDKs/current/sdk-core/pebble/aplite/lib/libpebble.a(tmp7jpKUopebble.o)
                0x0000000000001d84                app_message_outbox_send
 .text.app_message_register_inbox_dropped
                0x0000000000001d90        0xc /home/dawn/.pebble-sdk/SDKs/current/sdk-core/pebble/aplite/lib/libpebble.a(tmp7jpKUopebble.o)
                0x0000000000001d90                app_message_register_inbox_dropped
 .text.app_message_register_inbox_received
                0x0000000000001d9c        0xc /home/dawn/.pebble-sdk/SDKs/current/sdk-core/pebble/aplite/lib/libpebble.a(tmp7jpKUopebble.o)
                0x0000000000001d9c                app_message_register_inbox_received
 .text.app_message_register_outbox_failed
                0x0000000000001da8        0xc /home/dawn/.pebble-sdk/SDKs/current/sdk-core/pebble/aplite/lib/libpebble.a(tmp7jpKUopebble.o)
                0x0000000000001da8                app_message_register_outbox_failed
 .text.app_message_register_outbox_sent
                0x0000000000001db4        0xc /home/dawn/.pebble-sdk/SDKs/current/sdk-core/pebble/aplite/lib/libpebble.a(tmp7jpKUopebble.o)
                0x0000000000001db4                app_message_register_outbox_sent
 .text.window_single_click_subscribe
                0x0000000000001dc0        0xc /home/dawn/.pebble-sdk/SDKs/current/sdk-core/pebble/aplite/lib/libpebble.a(tmp7jpKUopebble.o)
                0x0000000000001dc0                window_single_click_subscribe
 .text.persist_read_string
                0x0000000000001dcc        0xc /home/dawn/.pebble-sdk/SDKs/current/sdk-core/pebble/aplite/lib/libpebble.a(tmp7jpKUopebble.o)
                0x0000000000001dcc                persist_read_string
 .text.menu_layer_create
                0x0000000000001dd8        0xc /home/dawn/.pebble-sdk/SDKs/current/sdk-core/pebble/aplite/lib/libpebble.a(tmp7jpKUopebble.o)
                0x0000000000001dd8                menu_layer_create
 .text.text_layer_create
                0x0000000000001de4        0xc /home/dawn/.pebble-sdk/SDKs/current/sdk-core/pebble/aplite/lib/libpebble.a(tmp7jpKUopebble.o)
                0x0000000000001de4                text_layer_create
 .text.text_layer_destroy
                0x0000000000001df0        0xc /home/dawn/.pebble-sdk/SDKs/current/sdk-core/pebble/aplite/lib/libpebble.a(tmp7jpKUopebble.o)
                0x0000000000001df0                text_layer_destroy
 .text.text_layer_get_layer
                0x0000000000001dfc        0xc /home/dawn/.pebble-sdk/SDKs/current/sdk-core/pebble/aplite/lib/libpebble.a(tmp7jpKUopebble.o)
                0x0000000000001dfc                text_layer_get_layer
 .text.text_layer_set_background_color
                0x0000000000001e08        0xc /home/dawn/.pebble-sdk/SDKs/current/sdk-core/pebble/aplite/lib/libpebble.a(tmp7jpKUopebble.o)
                0x0000000000001e08                text_layer_set_background_color
 .text.text_layer_set_overflow_mode
                0x0000000000001e14        0xc /home/dawn/.pebble-sdk/SDKs/current/sdk-core/pebble/aplite/lib/libpebble.a(tmp7jpKUopebble.o)
                0x0000000000001e14                text_layer_set_overflow_mode
 .text.text_layer_set_text
                0x0000000000001e20        0xc /home/dawn/.pebble-sdk/SDKs/current/sdk-core/pebble/aplite/lib/libpebble.a(tmp7jpKUopebble.o)
                0x0000000000001e20                text_layer_set_text
 .text.text_layer_set_text_alignment
                0x0000000000001e2c        0xc /home/dawn/.pebble-sdk/SDKs/current/sdk-core/pebble/aplite/lib/libpebble.a(tmp7jpKUopebble.o)
                0x0000000000001e2c                text_layer_set_text_alignment
 .text.text_layer_set_text_color
                0x0000000000001e38        0xc /home/dawn/.pebble-sdk/SDKs/current/sdk-core/pebble/aplite/lib/libpebble.a(tmp7jpKUopebble.o)
                0x0000000000001e38                text_layer_set_text_color
 .text.menu_layer_set_callbacks
                0x0000000000001e44        0xc /home/dawn/.pebble-sdk/SDKs/current/sdk-core/pebble/aplite/lib/libpebble.a(tmp7jpKUopebble.o)
                0x0000000000001e44                menu_layer_set_callbacks
 .text.dictation_session_create
                0x0000000000001e50        0xc /home/dawn/.pebble-sdk/SDKs/current/sdk-core/pebble/aplite/lib/libpebble.a(tmp7jpKUopebble.o)
                0x0000000000001e50                dictation_session_create
 .text.dictation_session_destroy
                0x0000000000001e5c        0xc /home/dawn/.pebble-sdk/SDKs/current/sdk-core/pebble/aplite/lib/libpebble.a(tmp7jpKUopebble.o)
                0x0000000000001e5c                dictation_session_destroy
 .text.dictation_session_start
                0x0000000000001e68        0xc /home/dawn/.pebble-sdk/SDKs/current/sdk-core/pebble/aplite/lib/libpebble.a(tmp7jpKUopebble.o)
                0x0000000000001e68                dictation_session_start
 *(.rodata)
 *(.rodata*)
 .rodata.inbox_received_callback.str1.1
                0x0000000000001e74      0x2bd src/c/pms-client.c.33.o
                                        0x2d7 (size before relaxing)
 .rodata.initialize_client.str1.1
                0x0000000000002131       0x27 src/c/pms-client.c.33.o
                                         0x3b (size before relaxing)
 .rodata.bool_log_error.str1.1
                0x0000000000002158       0x7e src/c/pms-data.c.33.o
 .rodata.bool_set_base_url.str1.1
                0x00000000000021d6       0x64 src/c/pms-data.c.33.o
 .rodata.bool_set_last_text.str1.1
                0x000000000000223a       0x73 src/c/pms-data.c.33.o
 .rodata.bool_set_radarr_api_key.str1.1
                0x00000000000022ad       0x96 src/c/pms-data.c.33.o
 .rodata.bool_set_radarr_port.str1.1
                0x0000000000002343       0x56 src/c/pms-data.c.33.o
 .rodata.bool_set_response_at_index.str1.1
                0x0000000000002399      0x134 src/c/pms-data.c.33.o
 .rodata.bool_set_response_items.str1.1
                0x00000000000024cd       0x6a src/c/pms-data.c.33.o
 .rodata.bool_set_sms_port.str1.1
                0x0000000000002537       0x79 src/c/pms-data.c.33.o
 .rodata.bool_set_sonarr_api_key.str1.1
                0x00000000000025b0       0x85 src/c/pms-data.c.33.o
 .rodata.bool_set_sonarr_port.str1.1
                0x0000000000002635       0x40 src/c/pms-data.c.33.o
 .rodata.read_stored_values.str1.1
                0x0000000000002675       0x7d src/c/pms-data.c.33.o
 *fill*         0x00000000000026f2        0x2 
 .rodata.segments.7629
                0x00000000000026f4       0x3c src/c/pms-data.c.33.o
 .rodata.str_response_at_index.str1.1
                0x0000000000002730       0x71 src/c/pms-data.c.33.o
                                         0x77 (size before relaxing)
 .rodata.bool_set_text.str1.1
                0x00000000000027a1       0x28 src/c/pms-interface.c.33.o
                                         0x29 (size before relaxing)
 .rodata.deinitialize_menu.str1.1
                0x00000000000027c9       0x80 src/c/pms-interface.c.33.o
                                         0x94 (size before relaxing)
 .rodata.dictation_session_callback.str1.1
                0x0000000000002849       0x65 src/c/pms-interface.c.33.o
 .rodata.menu_initializer.str1.1
                0x00000000000028ae       0x84 src/c/pms-interface.c.33.o
                                         0x96 (size before relaxing)
 .rodata.pms_back_click_handler.str1.1
                0x0000000000002932       0xa8 src/c/pms-interface.c.33.o
 .rodata.pms_cards_reset_text.str1.1
                0x00000000000029da       0x7b src/c/pms-interface.c.33.o
 .rodata.pms_down_click_handler.str1.1
                0x0000000000002a55       0x6f src/c/pms-interface.c.33.o
 .rodata.pms_error_response_handler.str1.1
                0x0000000000002ac4       0x6b src/c/pms-interface.c.33.o
                                         0x88 (size before relaxing)
 .rodata.pms_init.str1.1
                0x0000000000002b2f       0x39 src/c/pms-interface.c.33.o
                                         0x44 (size before relaxing)
 .rodata.pms_init_cards.str1.1
                0x0000000000002b68      0x106 src/c/pms-interface.c.33.o
 .rodata.pms_menu_click_config_provider.str1.1
                0x0000000000002c6e       0x32 src/c/pms-interface.c.33.o
 .rodata.pms_select_click_handler.str1.1
                0x0000000000002ca0       0x1b src/c/pms-interface.c.33.o
 .rodata.pms_up_click_handler.str1.1
                0x0000000000002cbb       0x60 src/c/pms-interface.c.33.o
 .rodata.pms_window_load.str1.1
                0x0000000000002d1b       0x40 src/c/pms-interface.c.33.o
 .rodata.select_callback.str1.1
                0x0000000000002d5b       0xcb src/c/pms-interface.c.33.o
                                         0xdd (size before relaxing)
 .rodata.sms_success_handler.str1.1
                0x0000000000002e26       0x3f src/c/pms-interface.c.33.o
 .rodata.draw_row_callback.str1.1
                0x0000000000002e65       0x3f src/c/pms-routines.c.33.o
                                          0x3 (size before relaxing)
 .rodata.inbox_dropped_callback.str1.1
                0x0000000000002e65       0x29 src/c/pms-routines.c.33.o
 .rodata.outbox_failed_callback.str1.1
                0x0000000000002e8e       0x27 src/c/pms-routines.c.33.o
 .rodata.outbox_sent_callback.str1.1
                0x0000000000002eb5       0x24 src/c/pms-routines.c.33.o
 .rodata.pms_request_handler.str1.1
                0x0000000000002ed9       0x92 src/c/pms-routines.c.33.o
                                         0xc2 (size before relaxing)
 .rodata.pms_verify_setup.str1.1
                0x0000000000002f6b       0x6b src/c/pms-routines.c.33.o
 .rodata.timeout_timer_handler.str1.1
                0x0000000000002fd6       0x34 src/c/pms-routines.c.33.o

.glue_7         0x000000000000300c        0x0
 .glue_7        0x000000000000300c        0x0 linker stubs

.glue_7t        0x000000000000300c        0x0
 .glue_7t       0x000000000000300c        0x0 linker stubs

.vfp11_veneer   0x000000000000300c        0x0
 .vfp11_veneer  0x000000000000300c        0x0 linker stubs

.v4_bx          0x000000000000300c        0x0
 .v4_bx         0x000000000000300c        0x0 linker stubs

.init           0x000000000000300c        0x4
 .init          0x000000000000300c        0x4 /usr/lib/gcc/arm-none-eabi/7.2.0/armv7-m/crti.o
                0x000000000000300c                _init

.fini           0x0000000000003010        0x4
 .fini          0x0000000000003010        0x4 /usr/lib/gcc/arm-none-eabi/7.2.0/armv7-m/crti.o
                0x0000000000003010                _fini

.iplt           0x0000000000003014        0x0
 .iplt          0x0000000000003014        0x0 /usr/lib/gcc/arm-none-eabi/7.2.0/armv7-m/crtbegin.o

.rel.dyn        0x0000000000003014        0x0
 .rel.iplt      0x0000000000003014        0x0 /usr/lib/gcc/arm-none-eabi/7.2.0/armv7-m/crtbegin.o
 .rel.got       0x0000000000003014        0x0 /usr/lib/gcc/arm-none-eabi/7.2.0/armv7-m/crtbegin.o

.data           0x0000000000003014       0x50
 *(.data)
 .data          0x0000000000003014        0x0 /usr/lib/gcc/arm-none-eabi/7.2.0/armv7-m/crti.o
 .data          0x0000000000003014        0x0 /usr/lib/gcc/arm-none-eabi/7.2.0/armv7-m/crtbegin.o
 .data          0x0000000000003014        0x0 /usr/lib/gcc/arm-none-eabi/7.2.0/../../../../arm-none-eabi/lib/armv7-m/crt0.o
 .data          0x0000000000003014        0x0 src/c/pms-client.c.33.o
 .data          0x0000000000003014        0x0 src/c/pms-data.c.33.o
 .data          0x0000000000003014        0x0 src/c/pms-interface.c.33.o
 .data          0x0000000000003014        0x0 src/c/pms-routines.c.33.o
 .data          0x0000000000003014        0x0 src/c/pms.c.33.o
 .data          0x0000000000003014        0x0 aplite/appinfo.auto.c.33.o
 .data          0x0000000000003014        0x0 aplite/src/resource_ids.auto.c.33.o
 .data          0x0000000000003014        0x0 src/message_keys.auto.c.33.o
 .data          0x0000000000003014        0x0 /home/dawn/.pebble-sdk/SDKs/current/sdk-core/pebble/aplite/lib/libpebble.a(tmp7jpKUopebble.o)
 .data          0x0000000000003014        0x0 /usr/lib/gcc/arm-none-eabi/7.2.0/../../../../arm-none-eabi/lib/armv7-m/libc.a(lib_a-atexit.o)
 .data          0x0000000000003014        0x0 /usr/lib/gcc/arm-none-eabi/7.2.0/../../../../arm-none-eabi/lib/armv7-m/libc.a(lib_a-exit.o)
 .data          0x0000000000003014        0x0 /usr/lib/gcc/arm-none-eabi/7.2.0/../../../../arm-none-eabi/lib/armv7-m/libc.a(lib_a-fini.o)
 .data          0x0000000000003014        0x0 /usr/lib/gcc/arm-none-eabi/7.2.0/../../../../arm-none-eabi/lib/armv7-m/libc.a(lib_a-impure.o)
 .data          0x0000000000003014        0x0 /usr/lib/gcc/arm-none-eabi/7.2.0/../../../../arm-none-eabi/lib/armv7-m/libc.a(lib_a-init.o)
 .data          0x0000000000003014        0x0 /usr/lib/gcc/arm-none-eabi/7.2.0/../../../../arm-none-eabi/lib/armv7-m/libc.a(lib_a-__atexit.o)
 .data          0x0000000000003014        0x0 /usr/lib/gcc/arm-none-eabi/7.2.0/../../../../arm-none-eabi/lib/armv7-m/libc.a(lib_a-__call_atexit.o)
 .data          0x0000000000003014        0x0 /usr/lib/gcc/arm-none-eabi/7.2.0/armv7-m/crtend.o
 .data          0x0000000000003014        0x0 /usr/lib/gcc/arm-none-eabi/7.2.0/armv7-m/crtn.o
 *(.data.*)
 .data.MESSAGE_KEY_JSReady
                0x0000000000003014        0x4 src/message_keys.auto.c.33.o
                0x0000000000003014                MESSAGE_KEY_JSReady
 .data.MESSAGE_KEY_PMS_CHOICE
                0x0000000000003018        0x4 src/message_keys.auto.c.33.o
                0x0000000000003018                MESSAGE_KEY_PMS_CHOICE
 .data.MESSAGE_KEY_PMS_ERROR
                0x000000000000301c        0x4 src/message_keys.auto.c.33.o
                0x000000000000301c                MESSAGE_KEY_PMS_ERROR
 .data.MESSAGE_KEY_PMS_IS_CONFIGURED
                0x0000000000003020        0x4 src/message_keys.auto.c.33.o
                0x0000000000003020                MESSAGE_KEY_PMS_IS_CONFIGURED
 .data.MESSAGE_KEY_PMS_REQUEST
                0x0000000000003024        0x4 src/message_keys.auto.c.33.o
                0x0000000000003024                MESSAGE_KEY_PMS_REQUEST
 .data.MESSAGE_KEY_PMS_RESPONSE
                0x0000000000003028        0x4 src/message_keys.auto.c.33.o
                0x0000000000003028                MESSAGE_KEY_PMS_RESPONSE
 .data.MESSAGE_KEY_PMS_RESPONSE_INDEX
                0x000000000000302c        0x4 src/message_keys.auto.c.33.o
                0x000000000000302c                MESSAGE_KEY_PMS_RESPONSE_INDEX
 .data.MESSAGE_KEY_PMS_RESPONSE_ITEMS
                0x0000000000003030        0x4 src/message_keys.auto.c.33.o
                0x0000000000003030                MESSAGE_KEY_PMS_RESPONSE_ITEMS
 .data.MESSAGE_KEY_PMS_RESPONSE_SENT
                0x0000000000003034        0x4 src/message_keys.auto.c.33.o
                0x0000000000003034                MESSAGE_KEY_PMS_RESPONSE_SENT
 .data.MESSAGE_KEY_PMS_SERVICE_RADARR
                0x0000000000003038        0x4 src/message_keys.auto.c.33.o
                0x0000000000003038                MESSAGE_KEY_PMS_SERVICE_RADARR
 .data.MESSAGE_KEY_PMS_SERVICE_REQUEST_IS_SMS
                0x000000000000303c        0x4 src/message_keys.auto.c.33.o
                0x000000000000303c                MESSAGE_KEY_PMS_SERVICE_REQUEST_IS_SMS
 .data.MESSAGE_KEY_PMS_SERVICE_SONARR
                0x0000000000003040        0x4 src/message_keys.auto.c.33.o
                0x0000000000003040                MESSAGE_KEY_PMS_SERVICE_SONARR
 .data.MESSAGE_KEY_PMS_SMS_SUCCESS
                0x0000000000003044        0x4 src/message_keys.auto.c.33.o
                0x0000000000003044                MESSAGE_KEY_PMS_SMS_SUCCESS
 .data.MESSAGE_KEY_PMS_SUCCESS
                0x0000000000003048        0x4 src/message_keys.auto.c.33.o
                0x0000000000003048                MESSAGE_KEY_PMS_SUCCESS
 .data.MESSAGE_KEY_RADARR_API
                0x000000000000304c        0x4 src/message_keys.auto.c.33.o
                0x000000000000304c                MESSAGE_KEY_RADARR_API
 .data.MESSAGE_KEY_RADARR_PORT
                0x0000000000003050        0x4 src/message_keys.auto.c.33.o
                0x0000000000003050                MESSAGE_KEY_RADARR_PORT
 .data.MESSAGE_KEY_SERVER_URL
                0x0000000000003054        0x4 src/message_keys.auto.c.33.o
                0x0000000000003054                MESSAGE_KEY_SERVER_URL
 .data.MESSAGE_KEY_SMS_PORT
                0x0000000000003058        0x4 src/message_keys.auto.c.33.o
                0x0000000000003058                MESSAGE_KEY_SMS_PORT
 .data.MESSAGE_KEY_SONARR_API
                0x000000000000305c        0x4 src/message_keys.auto.c.33.o
                0x000000000000305c                MESSAGE_KEY_SONARR_API
 .data.MESSAGE_KEY_SONARR_PORT
                0x0000000000003060        0x4 src/message_keys.auto.c.33.o
                0x0000000000003060                MESSAGE_KEY_SONARR_PORT

.igot.plt       0x0000000000003064        0x0
 .igot.plt      0x0000000000003064        0x0 /usr/lib/gcc/arm-none-eabi/7.2.0/armv7-m/crtbegin.o

.got            0x0000000000003064       0x68
 .got           0x0000000000003064       0x68 /usr/lib/gcc/arm-none-eabi/7.2.0/armv7-m/crtbegin.o

.got.plt        0x00000000000030cc        0xc
 .got.plt       0x00000000000030cc        0xc /usr/lib/gcc/arm-none-eabi/7.2.0/armv7-m/crtbegin.o
                0x00000000000030cc                _GLOBAL_OFFSET_TABLE_

.bss            0x00000000000030d8      0x960
 *(.bss)
 *(.bss.*)
 .bss.s_js_ready
                0x00000000000030d8        0x1 src/c/pms-data.c.33.o
 .bss.s_last_text
                0x00000000000030d9      0x200 src/c/pms-data.c.33.o
 .bss.s_mode    0x00000000000032d9        0x1 src/c/pms-data.c.33.o
 .bss.s_pms_base_url
                0x00000000000032da      0x100 src/c/pms-data.c.33.o
 .bss.s_pms_radarr_api_key
                0x00000000000033da      0x100 src/c/pms-data.c.33.o
 .bss.s_pms_radarr_port
                0x00000000000034da      0x100 src/c/pms-data.c.33.o
 .bss.s_pms_response
                0x00000000000035da       0xa0 src/c/pms-data.c.33.o
 *fill*         0x000000000000367a        0x2 
 .bss.s_pms_response_index
                0x000000000000367c        0x4 src/c/pms-data.c.33.o
 .bss.s_pms_response_items
                0x0000000000003680        0x4 src/c/pms-data.c.33.o
 .bss.s_pms_sms_port
                0x0000000000003684      0x100 src/c/pms-data.c.33.o
 .bss.s_pms_sonarr_api_key
                0x0000000000003784      0x100 src/c/pms-data.c.33.o
 .bss.s_pms_sonarr_port
                0x0000000000003884      0x100 src/c/pms-data.c.33.o
 .bss.s_response_sent
                0x0000000000003984        0x4 src/c/pms-data.c.33.o
 .bss.last_ccp  0x0000000000003988        0x4 src/c/pms-interface.c.33.o
 .bss.s_bounds  0x000000000000398c        0x8 src/c/pms-interface.c.33.o
 .bss.s_dictation_session
                0x0000000000003994        0x4 src/c/pms-interface.c.33.o
 .bss.s_failed_buff.7747
                0x0000000000003998       0x80 src/c/pms-interface.c.33.o
 .bss.s_menu_layer
                0x0000000000003a18        0x4 src/c/pms-interface.c.33.o
 .bss.s_text_layer
                0x0000000000003a1c        0x4 src/c/pms-interface.c.33.o
 .bss.s_window  0x0000000000003a20        0x4 src/c/pms-interface.c.33.o
 .bss.s_buff.7699
                0x0000000000003a24       0x10 src/c/pms-routines.c.33.o
 .bss.s_timeout_timer
                0x0000000000003a34        0x4 src/c/pms-routines.c.33.o

DISCARD
 libc.a(*)
 libm.a(*)
 libgcc.a(*)
 *(.eh_frame)
OUTPUT(/home/dawn/pebble-dev/pms/build/aplite/pebble-app.elf elf32-littlearm)

.ARM.attributes
                0x0000000000000000       0x29
 .ARM.attributes
                0x0000000000000000       0x1d /usr/lib/gcc/arm-none-eabi/7.2.0/armv7-m/crti.o
 .ARM.attributes
                0x000000000000001d       0x2d /usr/lib/gcc/arm-none-eabi/7.2.0/armv7-m/crtbegin.o
 .ARM.attributes
                0x000000000000004a       0x1b /usr/lib/gcc/arm-none-eabi/7.2.0/../../../../arm-none-eabi/lib/armv7-m/crt0.o
 .ARM.attributes
                0x0000000000000065       0x33 src/c/pms-client.c.33.o
 .ARM.attributes
                0x0000000000000098       0x33 src/c/pms-data.c.33.o
 .ARM.attributes
                0x00000000000000cb       0x33 src/c/pms-interface.c.33.o
 .ARM.attributes
                0x00000000000000fe       0x33 src/c/pms-routines.c.33.o
 .ARM.attributes
                0x0000000000000131       0x33 src/c/pms.c.33.o
 .ARM.attributes
                0x0000000000000164       0x33 aplite/appinfo.auto.c.33.o
 .ARM.attributes
                0x0000000000000197       0x33 aplite/src/resource_ids.auto.c.33.o
 .ARM.attributes
                0x00000000000001ca       0x33 src/message_keys.auto.c.33.o
 .ARM.attributes
                0x00000000000001fd       0x21 /home/dawn/.pebble-sdk/SDKs/current/sdk-core/pebble/aplite/lib/libpebble.a(tmp7jpKUopebble.o)
 .ARM.attributes
                0x000000000000021e       0x2d /usr/lib/gcc/arm-none-eabi/7.2.0/../../../../arm-none-eabi/lib/armv7-m/libc.a(lib_a-atexit.o)
 .ARM.attributes
                0x000000000000024b       0x2d /usr/lib/gcc/arm-none-eabi/7.2.0/../../../../arm-none-eabi/lib/armv7-m/libc.a(lib_a-exit.o)
 .ARM.attributes
                0x0000000000000278       0x2d /usr/lib/gcc/arm-none-eabi/7.2.0/../../../../arm-none-eabi/lib/armv7-m/libc.a(lib_a-fini.o)
 .ARM.attributes
                0x00000000000002a5       0x2d /usr/lib/gcc/arm-none-eabi/7.2.0/../../../../arm-none-eabi/lib/armv7-m/libc.a(lib_a-impure.o)
 .ARM.attributes
                0x00000000000002d2       0x2d /usr/lib/gcc/arm-none-eabi/7.2.0/../../../../arm-none-eabi/lib/armv7-m/libc.a(lib_a-init.o)
 .ARM.attributes
                0x00000000000002ff       0x2d /usr/lib/gcc/arm-none-eabi/7.2.0/../../../../arm-none-eabi/lib/armv7-m/libc.a(lib_a-__atexit.o)
 .ARM.attributes
                0x000000000000032c       0x2d /usr/lib/gcc/arm-none-eabi/7.2.0/../../../../arm-none-eabi/lib/armv7-m/libc.a(lib_a-__call_atexit.o)
 .ARM.attributes
                0x0000000000000359       0x2d /usr/lib/gcc/arm-none-eabi/7.2.0/armv7-m/crtend.o
 .ARM.attributes
                0x0000000000000386       0x1d /usr/lib/gcc/arm-none-eabi/7.2.0/armv7-m/crtn.o

.comment        0x0000000000000000       0x1d
 .comment       0x0000000000000000       0x1d src/c/pms-client.c.33.o
                                         0x1e (size before relaxing)
 .comment       0x000000000000001d       0x1e src/c/pms-data.c.33.o
 .comment       0x000000000000001d       0x1e src/c/pms-interface.c.33.o
 .comment       0x000000000000001d       0x1e src/c/pms-routines.c.33.o
 .comment       0x000000000000001d       0x1e src/c/pms.c.33.o
 .comment       0x000000000000001d       0x1e aplite/appinfo.auto.c.33.o
 .comment       0x000000000000001d       0x1e aplite/src/resource_ids.auto.c.33.o
 .comment       0x000000000000001d       0x1e src/message_keys.auto.c.33.o

.debug_info     0x0000000000000000     0x7600
 .debug_info    0x0000000000000000     0x13b7 src/c/pms-client.c.33.o
 .debug_info    0x00000000000013b7     0x1982 src/c/pms-data.c.33.o
 .debug_info    0x0000000000002d39     0x23ed src/c/pms-interface.c.33.o
 .debug_info    0x0000000000005126     0x153d src/c/pms-routines.c.33.o
 .debug_info    0x0000000000006663      0xa15 src/c/pms.c.33.o
 .debug_info    0x0000000000007078      0x2f0 aplite/appinfo.auto.c.33.o
 .debug_info    0x0000000000007368       0x64 aplite/src/resource_ids.auto.c.33.o
 .debug_info    0x00000000000073cc      0x234 src/message_keys.auto.c.33.o

.debug_abbrev   0x0000000000000000     0x12e8
 .debug_abbrev  0x0000000000000000      0x2db src/c/pms-client.c.33.o
 .debug_abbrev  0x00000000000002db      0x423 src/c/pms-data.c.33.o
 .debug_abbrev  0x00000000000006fe      0x560 src/c/pms-interface.c.33.o
 .debug_abbrev  0x0000000000000c5e      0x3a6 src/c/pms-routines.c.33.o
 .debug_abbrev  0x0000000000001004      0x1d8 src/c/pms.c.33.o
 .debug_abbrev  0x00000000000011dc       0xa2 aplite/appinfo.auto.c.33.o
 .debug_abbrev  0x000000000000127e       0x26 aplite/src/resource_ids.auto.c.33.o
 .debug_abbrev  0x00000000000012a4       0x44 src/message_keys.auto.c.33.o

.debug_loc      0x0000000000000000     0x16aa
 .debug_loc     0x0000000000000000      0x301 src/c/pms-client.c.33.o
 .debug_loc     0x0000000000000301      0x87a src/c/pms-data.c.33.o
 .debug_loc     0x0000000000000b7b      0x7c4 src/c/pms-interface.c.33.o
 .debug_loc     0x000000000000133f      0x36b src/c/pms-routines.c.33.o

.debug_aranges  0x0000000000000000      0x2c0
 .debug_aranges
                0x0000000000000000       0x28 src/c/pms-client.c.33.o
 .debug_aranges
                0x0000000000000028      0x118 src/c/pms-data.c.33.o
 .debug_aranges
                0x0000000000000140       0xb0 src/c/pms-interface.c.33.o
 .debug_aranges
                0x00000000000001f0       0x68 src/c/pms-routines.c.33.o
 .debug_aranges
                0x0000000000000258       0x20 src/c/pms.c.33.o
 .debug_aranges
                0x0000000000000278       0x18 aplite/appinfo.auto.c.33.o
 .debug_aranges
                0x0000000000000290       0x18 aplite/src/resource_ids.auto.c.33.o
 .debug_aranges
                0x00000000000002a8       0x18 src/message_keys.auto.c.33.o

.debug_ranges   0x0000000000000000      0x310
 .debug_ranges  0x0000000000000000       0x30 src/c/pms-client.c.33.o
 .debug_ranges  0x0000000000000030      0x128 src/c/pms-data.c.33.o
 .debug_ranges  0x0000000000000158      0x100 src/c/pms-interface.c.33.o
 .debug_ranges  0x0000000000000258       0xa8 src/c/pms-routines.c.33.o
 .debug_ranges  0x0000000000000300       0x10 src/c/pms.c.33.o

.debug_line     0x0000000000000000     0x1285
 .debug_line    0x0000000000000000      0x280 src/c/pms-client.c.33.o
 .debug_line    0x0000000000000280      0x4d7 src/c/pms-data.c.33.o
 .debug_line    0x0000000000000757      0x4c3 src/c/pms-interface.c.33.o
 .debug_line    0x0000000000000c1a      0x2ed src/c/pms-routines.c.33.o
 .debug_line    0x0000000000000f07      0x1d1 src/c/pms.c.33.o
 .debug_line    0x00000000000010d8       0xf5 aplite/appinfo.auto.c.33.o
 .debug_line    0x00000000000011cd       0x1d aplite/src/resource_ids.auto.c.33.o
 .debug_line    0x00000000000011ea       0x9b src/message_keys.auto.c.33.o

.debug_str      0x0000000000000000     0x1f24
 .debug_str     0x0000000000000000      0xbd5 src/c/pms-client.c.33.o
                                        0xd1c (size before relaxing)
 .debug_str     0x0000000000000bd5      0x2fe src/c/pms-data.c.33.o
                                        0xd64 (size before relaxing)
 .debug_str     0x0000000000000ed3      0xab2 src/c/pms-interface.c.33.o
                                       0x14c2 (size before relaxing)
 .debug_str     0x0000000000001985      0x323 src/c/pms-routines.c.33.o
                                        0xe1a (size before relaxing)
 .debug_str     0x0000000000001ca8       0x23 src/c/pms.c.33.o
                                        0x7eb (size before relaxing)
 .debug_str     0x0000000000001ccb      0x222 aplite/appinfo.auto.c.33.o
                                        0x379 (size before relaxing)
 .debug_str     0x0000000000001eed       0x1f aplite/src/resource_ids.auto.c.33.o
                                        0x123 (size before relaxing)
 .debug_str     0x0000000000001f0c       0x18 src/message_keys.auto.c.33.o
                                        0x3d9 (size before relaxing)

.debug_frame    0x0000000000000000      0x8bc
 .debug_frame   0x0000000000000000       0x8c src/c/pms-client.c.33.o
 .debug_frame   0x000000000000008c      0x2f0 src/c/pms-data.c.33.o
 .debug_frame   0x000000000000037c      0x2b8 src/c/pms-interface.c.33.o
 .debug_frame   0x0000000000000634      0x134 src/c/pms-routines.c.33.o
 .debug_frame   0x0000000000000768       0x28 src/c/pms.c.33.o
 .debug_frame   0x0000000000000790       0x20 /usr/lib/gcc/arm-none-eabi/7.2.0/../../../../arm-none-eabi/lib/armv7-m/libc.a(lib_a-atexit.o)
 .debug_frame   0x00000000000007b0       0x28 /usr/lib/gcc/arm-none-eabi/7.2.0/../../../../arm-none-eabi/lib/armv7-m/libc.a(lib_a-exit.o)
 .debug_frame   0x00000000000007d8       0x34 /usr/lib/gcc/arm-none-eabi/7.2.0/../../../../arm-none-eabi/lib/armv7-m/libc.a(lib_a-fini.o)
 .debug_frame   0x000000000000080c       0x2c /usr/lib/gcc/arm-none-eabi/7.2.0/../../../../arm-none-eabi/lib/armv7-m/libc.a(lib_a-init.o)
 .debug_frame   0x0000000000000838       0x34 /usr/lib/gcc/arm-none-eabi/7.2.0/../../../../arm-none-eabi/lib/armv7-m/libc.a(lib_a-__atexit.o)
 .debug_frame   0x000000000000086c       0x50 /usr/lib/gcc/arm-none-eabi/7.2.0/../../../../arm-none-eabi/lib/armv7-m/libc.a(lib_a-__call_atexit.o)
